// Jest Snapshot v1, https://goo.gl/fbAQLP

exports[`returns error if conditions are not satisfied 1`] = `"The installed version of node (4.7.0) does not satisfy the desired range of 6.9.5. Please install a version within the range. You can use http://git.io/nvm or https://github.com/coreybutler/nvm-windows to make changing The installed version of node easier."`;
