// Jest Snapshot v1, https://goo.gl/fbAQLP

exports[`returns an error message if a validator returns one 1`] = `
"There are some issues with your system.
  - error 1
  - error 2"
`;
